// Jest Snapshot v1, https://goo.gl/fbAQLP

exports[`CharacterCard should match snapshot 1`] = `
<div
  className="CharacterCard"
>
  <h3
    className="CharacterCard_name"
  >
    C-3PO
  </h3>
  <h4
    className="CharacterCard_homeWorld"
  >
    Homeworld: 
    Tatooine
  </h4>
  <h4
    className="CharacterCard_population"
  >
    Population: 
    200000
  </h4>
  <h4
    className="CharacterCard_species"
  >
    Species: 
    Droid
  </h4>
  <h4
    className="CharacterCard_films"
  >
    Related Films: 
  </h4>
  <ul
    className="CharacterCard_films-ul"
  >
    <li
      key="0"
    >
      The Empire Strikes Back
    </li>
    <li
      key="1"
    >
      Attack of the Clones
    </li>
    <li
      key="2"
    >
      The Phantom Menace
    </li>
    <li
      key="3"
    >
      Revenge of the Sith
    </li>
    <li
      key="4"
    >
      Return of the Jedi
    </li>
    <li
      key="5"
    >
      A New Hope
    </li>
  </ul>
  <button
    onClick={[Function]}
  >
    <img
      alt=""
      src=""
    />
    Favorite
  </button>
</div>
`;
