// Jest Snapshot v1, https://goo.gl/fbAQLP

exports[`MoviesContainer should match Snapshot 1`] = `
<section
  className="MovieContainer"
>
  <MovieCard
    characters={
      Array [
        "https://swapi.co/api/people/2/",
        "https://swapi.co/api/people/3/",
        "https://swapi.co/api/people/10/",
        "https://swapi.co/api/people/11/",
      ]
    }
    date="1999-05-19"
    getCharacters={[MockFunction]}
    id={1}
    key="0"
    title="The Phantom Menace"
  />
  <MovieCard
    characters={
      Array [
        "https://swapi.co/api/people/2/",
        "https://swapi.co/api/people/3/",
        "https://swapi.co/api/people/6/",
      ]
    }
    date="2002-05-16"
    getCharacters={[MockFunction]}
    id={2}
    key="1"
    title="Attack of the Clones"
  />
</section>
`;
