// Jest Snapshot v1, https://goo.gl/fbAQLP

exports[`MoviesContainer should match Snapshot 1`] = `
<section
  className="MovieContainer"
>
  <MovieCard
    characters={
      Array [
        "https://swapi.co/api/people/2/",
        "https://swapi.co/api/people/3/",
        "https://swapi.co/api/people/10/",
        "https://swapi.co/api/people/11/",
        "https://swapi.co/api/people/16/",
        "https://swapi.co/api/people/20/",
        "https://swapi.co/api/people/21/",
        "https://swapi.co/api/people/32/",
        "https://swapi.co/api/people/33/",
        "https://swapi.co/api/people/34/",
        "https://swapi.co/api/people/36/",
        "https://swapi.co/api/people/37/",
        "https://swapi.co/api/people/38/",
        "https://swapi.co/api/people/39/",
        "https://swapi.co/api/people/40/",
        "https://swapi.co/api/people/41/",
        "https://swapi.co/api/people/42/",
        "https://swapi.co/api/people/43/",
        "https://swapi.co/api/people/44/",
        "https://swapi.co/api/people/46/",
        "https://swapi.co/api/people/48/",
        "https://swapi.co/api/people/49/",
        "https://swapi.co/api/people/50/",
        "https://swapi.co/api/people/51/",
        "https://swapi.co/api/people/52/",
        "https://swapi.co/api/people/53/",
        "https://swapi.co/api/people/54/",
        "https://swapi.co/api/people/55/",
        "https://swapi.co/api/people/56/",
        "https://swapi.co/api/people/57/",
        "https://swapi.co/api/people/58/",
        "https://swapi.co/api/people/59/",
        "https://swapi.co/api/people/47/",
        "https://swapi.co/api/people/35/",
      ]
    }
    date="1999-05-19"
    getCharacters={[MockFunction]}
    id={1}
    key="0"
    title="The Phantom Menace"
  />
  <MovieCard
    characters={
      Array [
        "https://swapi.co/api/people/2/",
        "https://swapi.co/api/people/3/",
        "https://swapi.co/api/people/6/",
        "https://swapi.co/api/people/7/",
        "https://swapi.co/api/people/10/",
        "https://swapi.co/api/people/11/",
        "https://swapi.co/api/people/20/",
        "https://swapi.co/api/people/21/",
        "https://swapi.co/api/people/22/",
        "https://swapi.co/api/people/33/",
        "https://swapi.co/api/people/36/",
        "https://swapi.co/api/people/40/",
        "https://swapi.co/api/people/43/",
        "https://swapi.co/api/people/46/",
        "https://swapi.co/api/people/51/",
        "https://swapi.co/api/people/52/",
        "https://swapi.co/api/people/53/",
        "https://swapi.co/api/people/58/",
        "https://swapi.co/api/people/59/",
        "https://swapi.co/api/people/60/",
        "https://swapi.co/api/people/61/",
        "https://swapi.co/api/people/62/",
        "https://swapi.co/api/people/63/",
        "https://swapi.co/api/people/64/",
        "https://swapi.co/api/people/65/",
        "https://swapi.co/api/people/66/",
        "https://swapi.co/api/people/67/",
        "https://swapi.co/api/people/68/",
        "https://swapi.co/api/people/69/",
        "https://swapi.co/api/people/70/",
        "https://swapi.co/api/people/71/",
        "https://swapi.co/api/people/72/",
        "https://swapi.co/api/people/73/",
        "https://swapi.co/api/people/74/",
        "https://swapi.co/api/people/75/",
        "https://swapi.co/api/people/76/",
        "https://swapi.co/api/people/77/",
        "https://swapi.co/api/people/78/",
        "https://swapi.co/api/people/82/",
        "https://swapi.co/api/people/35/",
      ]
    }
    date="2002-05-16"
    getCharacters={[MockFunction]}
    id={2}
    key="1"
    title="Attack of the Clones"
  />
</section>
`;
