// Jest Snapshot v1, https://goo.gl/fbAQLP

exports[`MovieCard should match Snapshot 1`] = `
<div
  className="movie_card"
>
  <h3
    className="episode"
  >
    Episode 
    I
  </h3>
  <h4
    className="movie_card-title"
  >
    The Phantom Menace
  </h4>
  <h5>
    Released on 
    May 19 1999
  </h5>
  <Link
    to="/movies/1"
  >
    <button
      className="movie_card-btn"
      onClick={[Function]}
    >
      View Characters
    </button>
  </Link>
</div>
`;
