// Jest Snapshot v1, https://goo.gl/fbAQLP

exports[`UserProfile should match the snapshot 1`] = `
<aside
  className="profile"
>
  <h2>
    Star Wars Trivia
  </h2>
  <h3>
    Hi 
    Amy
    !
  </h3>
  <h4>
    Favorite Quote:
  </h4>
  <h5>
    "
    No clue
    "
  </h5>
  <h4>
    Knowledge Level:
  </h4>
  <h5>
    Star What?
  </h5>
  <Link
    to="/favorites"
  >
    <button>
      Favorites 
      0
    </button>
  </Link>
  <Link
    to="/"
  >
    <button>
      Sign Out
    </button>
  </Link>
  <Link
    to="/movies"
  >
    <button>
      All Movies
    </button>
  </Link>
</aside>
`;
