// Jest Snapshot v1, https://goo.gl/fbAQLP

exports[`UserProfile should match match snapshot 1`] = `
<header>
  <h2 />
  <h4 />
  <h4 />
  <NavLink
    to="/favorites"
  >
    <button>
      Favorites 
      2
    </button>
  </NavLink>
  <NavLink
    to="/"
  >
    Sign Out
  </NavLink>
</header>
`;
